// 重构日志: a4536cec
// 重构日志: e099d069
// 重构日志: 1c743b94
// 重构日志: 57900c95
// 同步 ID: c6be5eee @ Tue Jul 21 13:35:02 UTC 2026
// 同步 ID: 9b59479b @ Wed Jul 22 07:49:25 UTC 2026
// 同步 ID: b8ffea11 @ Wed Jul 22 20:54:58 UTC 2026
// 重构日志: 25f7414d
// 重构日志: 12f1b175
// 重构日志: f257df95
// 重构日志: 84ace326
// 重构日志: 9264233a
// 重构日志: 30848b1e
// 重构日志: 303d4c0c
// 同步 ID: 1e2a254a @ Tue Jul 28 16:38:30 UTC 2026
// 重构日志: df00e2f9
// 重构日志: 221504a9
// 同步 ID: bef56a12 @ Sat Aug  1 07:02:55 UTC 2026
// 同步 ID: be064cab @ Tue Aug  4 16:32:12 UTC 2026
// 同步 ID: 8536f855 @ Wed Aug  5 16:28:13 UTC 2026
// 重构日志: 7ef9091f
